../Core/Src/stm32l0xx_hal_msp.c:63:6:HAL_MspInit	8	static
../Core/Src/stm32l0xx_hal_msp.c:85:6:HAL_ADC_MspInit	48	static
../Core/Src/stm32l0xx_hal_msp.c:123:6:HAL_ADC_MspDeInit	16	static
../Core/Src/stm32l0xx_hal_msp.c:156:6:HAL_I2C_MspInit	48	static
../Core/Src/stm32l0xx_hal_msp.c:192:6:HAL_I2C_MspDeInit	16	static
../Core/Src/stm32l0xx_hal_msp.c:223:6:HAL_SPI_MspInit	56	static
../Core/Src/stm32l0xx_hal_msp.c:269:6:HAL_SPI_MspDeInit	16	static
../Core/Src/stm32l0xx_hal_msp.c:302:6:HAL_UART_MspInit	48	static
../Core/Src/stm32l0xx_hal_msp.c:340:6:HAL_UART_MspDeInit	16	static
